I'm sorry, but errors were detected in your script. Please correct the
errors listed below, and try again.


File "game/screens.rpy", line 1318: 'justify' is not a keyword argument or valid child of the textbutton statement.
    justify True
           ^

Ren'Py Version: Ren'Py 8.1.3.23091805
Fri Nov 10 08:12:41 2023
